no matching lines
