
Welcome to Gradle 8.11.1!

Here are the highlights of this release:
 - Parallel load and store for Configuration Cache
 - Java compilation errors at the end of the build output
 - Consolidated report for warnings and deprecations

For more details see https://docs.gradle.org/8.11.1/release-notes.html

To honour the JVM settings for this build a single-use Daemon process will be forked. For more on this, please refer to https://docs.gradle.org/8.11.1/userguide/gradle_daemon.html#sec:disabling_the_daemon in the Gradle documentation.
Daemon will be stopped at the end of the build 
Calculating task graph as no cached configuration is available for tasks: :app:assembleRelease

> Configure project :app
WARNING: The option setting 'android.defaults.buildfeatures.buildconfig=true' is deprecated.
The current default is 'false'.
It will be removed in version 9.0 of the Android Gradle plugin.
To keep using this feature, add the following to your module-level build.gradle files:
    android.buildFeatures.buildConfig = true
or from Android Studio, click: `Refactor` > `Migrate BuildConfig to Gradle Build Files`.

> Task :app:checkKotlinGradlePluginConfigurationErrors SKIPPED
> Task :app:preBuild UP-TO-DATE
> Task :app:preReleaseBuild UP-TO-DATE
> Task :app:generateReleaseResValues FROM-CACHE
> Task :app:buildKotlinToolingMetadata
> Task :app:generateReleaseBuildConfig FROM-CACHE
> Task :app:generateReleaseResources FROM-CACHE
> Task :app:createReleaseCompatibleScreenManifests
> Task :app:packageReleaseResources FROM-CACHE
> Task :app:parseReleaseLocalResources FROM-CACHE
> Task :app:extractDeepLinksRelease FROM-CACHE
> Task :app:mapReleaseSourceSetPaths
> Task :app:processReleaseMainManifest FROM-CACHE
> Task :app:processReleaseManifest FROM-CACHE
> Task :app:javaPreCompileRelease FROM-CACHE
> Task :app:processReleaseManifestForPackage FROM-CACHE
> Task :app:extractProguardFiles
> Task :app:checkReleaseAarMetadata
> Task :app:mergeReleaseJniLibFolders
> Task :app:mergeReleaseArtProfile
> Task :app:mergeReleaseNativeLibs
> Task :app:mergeReleaseResources FROM-CACHE
> Task :app:checkReleaseDuplicateClasses

> Task :app:stripReleaseDebugSymbols
Unable to strip the following libraries, packaging them as they are: libandroidx.graphics.path.so, libdatastore_shared_counter.so.

> Task :app:mergeReleaseStartupProfile
> Task :app:extractReleaseNativeSymbolTables FROM-CACHE
> Task :app:mergeReleaseShaders
> Task :app:mergeReleaseNativeDebugMetadata NO-SOURCE
> Task :app:compileReleaseShaders NO-SOURCE
> Task :app:generateReleaseAssets UP-TO-DATE
> Task :app:mergeReleaseAssets
> Task :app:compressReleaseAssets FROM-CACHE
> Task :app:processReleaseResources FROM-CACHE
> Task :app:extractReleaseVersionControlInfo
> Task :app:convertLinkedResourcesToProtoRelease FROM-CACHE
> Task :app:writeReleaseAppMetadata
> Task :app:writeReleaseSigningConfigVersions
> Task :app:collectReleaseDependencies
> Task :app:sdkReleaseDependencyData
> Task :app:expandReleaseL8ArtProfileWildcards FROM-CACHE
> Task :app:kspReleaseKotlin FROM-CACHE
> Task :app:compileReleaseKotlin FROM-CACHE
> Task :app:processReleaseJavaRes
> Task :app:compileReleaseJavaWithJavac FROM-CACHE
> Task :app:expandReleaseArtProfileWildcards FROM-CACHE
> Task :app:mergeReleaseGeneratedProguardFiles
> Task :app:lintVitalAnalyzeRelease FROM-CACHE
> Task :app:generateReleaseLintVitalReportModel
> Task :app:mergeReleaseJavaResource
> Task :app:minifyReleaseWithR8 FROM-CACHE
> Task :app:l8DexDesugarLibRelease FROM-CACHE
> Task :app:shrinkReleaseRes FROM-CACHE
> Task :app:compileReleaseArtProfile FROM-CACHE
> Task :app:convertShrunkResourcesToBinaryRelease FROM-CACHE
> Task :app:optimizeReleaseResources FROM-CACHE
> Task :app:packageRelease
> Task :app:createReleaseApkListingFileRedirect
> Task :app:lintVitalReportRelease
> Task :app:lintVitalRelease
> Task :app:assembleRelease

BUILD SUCCESSFUL in 14s
53 actionable tasks: 26 executed, 27 from cache
Configuration cache entry stored.
